Archive member included to satisfy reference by file (symbol)

c:/program files/microchip/xc8/v2.50/avr/bin/../lib/gcc/avr/5.4.0/avr51\libgcc.a(_copy_data.o)
                              .ca/build/defaultActiveCA/production/main.o (__do_copy_data)
c:/program files/microchip/xc8/v2.50/avr/bin/../lib/gcc/avr/5.4.0/../../../../avr/lib/avr51\libc.a(exit.o)
                              C:/Program Files/Microchip/MPLABX/v6.20/packs/Microchip/ATmega_DFP/3.1.264/xc8/avr/lib/avr51/crtatmega128a.o (exit)
c:/program files/microchip/xc8/v2.50/avr/bin/../lib/gcc/avr/5.4.0/../../../../avr/lib/avr51\libc.a(_Exit.o)
                              c:/program files/microchip/xc8/v2.50/avr/bin/../lib/gcc/avr/5.4.0/../../../../avr/lib/avr51\libc.a(exit.o) (_Exit)
c:/program files/microchip/xc8/v2.50/avr/bin/../lib/gcc/avr/5.4.0/avr51\libgcc.a(_exit.o)
                              c:/program files/microchip/xc8/v2.50/avr/bin/../lib/gcc/avr/5.4.0/../../../../avr/lib/avr51\libc.a(_Exit.o) (_exit)

Discarded input sections

 .data          0x0000000000000000        0x0 C:/Program Files/Microchip/MPLABX/v6.20/packs/Microchip/ATmega_DFP/3.1.264/xc8/avr/lib/avr51/crtatmega128a.o
 .bss           0x0000000000000000        0x0 C:/Program Files/Microchip/MPLABX/v6.20/packs/Microchip/ATmega_DFP/3.1.264/xc8/avr/lib/avr51/crtatmega128a.o
 .text          0x0000000000000000        0x0 .ca/build/defaultActiveCA/production/i2c_driver.o
 .data          0x0000000000000000        0x0 .ca/build/defaultActiveCA/production/i2c_driver.o
 .bss           0x0000000000000000        0x0 .ca/build/defaultActiveCA/production/i2c_driver.o
 .text.I2C_8Bit_read
                0x0000000000000000       0x1e .ca/build/defaultActiveCA/production/i2c_driver.o
 .text.I2C_8Bit_readRegister
                0x0000000000000000       0x36 .ca/build/defaultActiveCA/production/i2c_driver.o
 .text.I2C_16Bit_read
                0x0000000000000000       0x32 .ca/build/defaultActiveCA/production/i2c_driver.o
 .text.I2C_16Bit_readRegister
                0x0000000000000000       0x4a .ca/build/defaultActiveCA/production/i2c_driver.o
 .text.I2C_32Bit_read
                0x0000000000000000       0x5e .ca/build/defaultActiveCA/production/i2c_driver.o
 .text.I2C_32Bit_readRegister
                0x0000000000000000       0x72 .ca/build/defaultActiveCA/production/i2c_driver.o
 .text.I2C_8Bit_writeRegister
                0x0000000000000000       0x32 .ca/build/defaultActiveCA/production/i2c_driver.o
 .text.I2C_16Bit_write
                0x0000000000000000       0x32 .ca/build/defaultActiveCA/production/i2c_driver.o
 .text.I2C_16Bit_writeRegister
                0x0000000000000000       0x3e .ca/build/defaultActiveCA/production/i2c_driver.o
 .text.I2C_32Bit_write
                0x0000000000000000       0x4a .ca/build/defaultActiveCA/production/i2c_driver.o
 .text.I2C_32Bit_writeRegister
                0x0000000000000000       0x56 .ca/build/defaultActiveCA/production/i2c_driver.o
 .text          0x0000000000000000        0x0 .ca/build/defaultActiveCA/production/24C32.o
 .data          0x0000000000000000        0x0 .ca/build/defaultActiveCA/production/24C32.o
 .bss           0x0000000000000000        0x0 .ca/build/defaultActiveCA/production/24C32.o
 .text.EEPROM_writeByte
                0x0000000000000000       0x38 .ca/build/defaultActiveCA/production/24C32.o
 .text.EEPROM_readByte
                0x0000000000000000       0x42 .ca/build/defaultActiveCA/production/24C32.o
 .text          0x0000000000000000        0x0 .ca/build/defaultActiveCA/production/main.o
 .data          0x0000000000000000        0x0 .ca/build/defaultActiveCA/production/main.o
 .bss           0x0000000000000000        0x0 .ca/build/defaultActiveCA/production/main.o
 .text          0x0000000000000000        0x0 .ca/build/defaultActiveCA/production/ProgramDataHandler.o
 .data          0x0000000000000000        0x0 .ca/build/defaultActiveCA/production/ProgramDataHandler.o
 .bss           0x0000000000000000        0x0 .ca/build/defaultActiveCA/production/ProgramDataHandler.o
 .text.calculateAddress
                0x0000000000000000       0x2c .ca/build/defaultActiveCA/production/ProgramDataHandler.o
 .text.EEPROM_readProgramVariable
                0x0000000000000000       0x56 .ca/build/defaultActiveCA/production/ProgramDataHandler.o
 .text.EEPROM_loadProgram
                0x0000000000000000       0xb6 .ca/build/defaultActiveCA/production/ProgramDataHandler.o
 .text.EEPROM_writeProgramVariable
                0x0000000000000000       0x4a .ca/build/defaultActiveCA/production/ProgramDataHandler.o
 .text.EEPROM_saveProgram
                0x0000000000000000       0xc4 .ca/build/defaultActiveCA/production/ProgramDataHandler.o
 .bss.VaccumStopTemp
                0x0000000000000000        0x2 .ca/build/defaultActiveCA/production/ProgramDataHandler.o
 .bss.VaccumStartTemp
                0x0000000000000000        0x2 .ca/build/defaultActiveCA/production/ProgramDataHandler.o
 .bss.VaccumPercent
                0x0000000000000000        0x1 .ca/build/defaultActiveCA/production/ProgramDataHandler.o
 .bss.CoolingTime
                0x0000000000000000        0x2 .ca/build/defaultActiveCA/production/ProgramDataHandler.o
 .bss.CoolingTemp
                0x0000000000000000        0x2 .ca/build/defaultActiveCA/production/ProgramDataHandler.o
 .bss.BurningTime
                0x0000000000000000        0x2 .ca/build/defaultActiveCA/production/ProgramDataHandler.o
 .bss.BurningTemp
                0x0000000000000000        0x2 .ca/build/defaultActiveCA/production/ProgramDataHandler.o
 .bss.RateOfHeatRise
                0x0000000000000000        0x1 .ca/build/defaultActiveCA/production/ProgramDataHandler.o
 .bss.HoldTimeStandby
                0x0000000000000000        0x2 .ca/build/defaultActiveCA/production/ProgramDataHandler.o
 .bss.StandbyTemp
                0x0000000000000000        0x2 .ca/build/defaultActiveCA/production/ProgramDataHandler.o
 .debug_info    0x0000000000000000      0x9df .ca/build/defaultActiveCA/production/ProgramDataHandler.o
 .debug_abbrev  0x0000000000000000      0x14b .ca/build/defaultActiveCA/production/ProgramDataHandler.o
 .debug_loc     0x0000000000000000      0x3b9 .ca/build/defaultActiveCA/production/ProgramDataHandler.o
 .debug_aranges
                0x0000000000000000       0x40 .ca/build/defaultActiveCA/production/ProgramDataHandler.o
 .debug_ranges  0x0000000000000000       0x30 .ca/build/defaultActiveCA/production/ProgramDataHandler.o
 .debug_line    0x0000000000000000      0x198 .ca/build/defaultActiveCA/production/ProgramDataHandler.o
 .debug_str     0x0000000000000000       0x48 .ca/build/defaultActiveCA/production/ProgramDataHandler.o
 .comment       0x0000000000000000       0x30 .ca/build/defaultActiveCA/production/ProgramDataHandler.o
 .debug_frame   0x0000000000000000       0xe4 .ca/build/defaultActiveCA/production/ProgramDataHandler.o
 .text          0x0000000000000000        0x0 c:/program files/microchip/xc8/v2.50/avr/bin/../lib/gcc/avr/5.4.0/avr51\libgcc.a(_copy_data.o)
 .data          0x0000000000000000        0x0 c:/program files/microchip/xc8/v2.50/avr/bin/../lib/gcc/avr/5.4.0/avr51\libgcc.a(_copy_data.o)
 .bss           0x0000000000000000        0x0 c:/program files/microchip/xc8/v2.50/avr/bin/../lib/gcc/avr/5.4.0/avr51\libgcc.a(_copy_data.o)
 .text.libgcc.mul
                0x0000000000000000        0x0 c:/program files/microchip/xc8/v2.50/avr/bin/../lib/gcc/avr/5.4.0/avr51\libgcc.a(_copy_data.o)
 .text.libgcc.div
                0x0000000000000000        0x0 c:/program files/microchip/xc8/v2.50/avr/bin/../lib/gcc/avr/5.4.0/avr51\libgcc.a(_copy_data.o)
 .text.libgcc   0x0000000000000000        0x0 c:/program files/microchip/xc8/v2.50/avr/bin/../lib/gcc/avr/5.4.0/avr51\libgcc.a(_copy_data.o)
 .text.libgcc.prologue
                0x0000000000000000        0x0 c:/program files/microchip/xc8/v2.50/avr/bin/../lib/gcc/avr/5.4.0/avr51\libgcc.a(_copy_data.o)
 .text.libgcc.builtins
                0x0000000000000000        0x0 c:/program files/microchip/xc8/v2.50/avr/bin/../lib/gcc/avr/5.4.0/avr51\libgcc.a(_copy_data.o)
 .text.libgcc.fmul
                0x0000000000000000        0x0 c:/program files/microchip/xc8/v2.50/avr/bin/../lib/gcc/avr/5.4.0/avr51\libgcc.a(_copy_data.o)
 .text.libgcc.fixed
                0x0000000000000000        0x0 c:/program files/microchip/xc8/v2.50/avr/bin/../lib/gcc/avr/5.4.0/avr51\libgcc.a(_copy_data.o)
 .text          0x0000000000000000        0x0 c:/program files/microchip/xc8/v2.50/avr/bin/../lib/gcc/avr/5.4.0/../../../../avr/lib/avr51\libc.a(exit.o)
 .data          0x0000000000000000        0x0 c:/program files/microchip/xc8/v2.50/avr/bin/../lib/gcc/avr/5.4.0/../../../../avr/lib/avr51\libc.a(exit.o)
 .bss           0x0000000000000000        0x0 c:/program files/microchip/xc8/v2.50/avr/bin/../lib/gcc/avr/5.4.0/../../../../avr/lib/avr51\libc.a(exit.o)
 .stack.descriptors
                0x0000000000000000       0x73 c:/program files/microchip/xc8/v2.50/avr/bin/../lib/gcc/avr/5.4.0/../../../../avr/lib/avr51\libc.a(exit.o)
 .text          0x0000000000000000        0x0 c:/program files/microchip/xc8/v2.50/avr/bin/../lib/gcc/avr/5.4.0/../../../../avr/lib/avr51\libc.a(_Exit.o)
 .data          0x0000000000000000        0x0 c:/program files/microchip/xc8/v2.50/avr/bin/../lib/gcc/avr/5.4.0/../../../../avr/lib/avr51\libc.a(_Exit.o)
 .bss           0x0000000000000000        0x0 c:/program files/microchip/xc8/v2.50/avr/bin/../lib/gcc/avr/5.4.0/../../../../avr/lib/avr51\libc.a(_Exit.o)
 .stack.descriptors
                0x0000000000000000       0x13 c:/program files/microchip/xc8/v2.50/avr/bin/../lib/gcc/avr/5.4.0/../../../../avr/lib/avr51\libc.a(_Exit.o)
 .text          0x0000000000000000        0x0 c:/program files/microchip/xc8/v2.50/avr/bin/../lib/gcc/avr/5.4.0/avr51\libgcc.a(_exit.o)
 .data          0x0000000000000000        0x0 c:/program files/microchip/xc8/v2.50/avr/bin/../lib/gcc/avr/5.4.0/avr51\libgcc.a(_exit.o)
 .bss           0x0000000000000000        0x0 c:/program files/microchip/xc8/v2.50/avr/bin/../lib/gcc/avr/5.4.0/avr51\libgcc.a(_exit.o)
 .text.libgcc.mul
                0x0000000000000000        0x0 c:/program files/microchip/xc8/v2.50/avr/bin/../lib/gcc/avr/5.4.0/avr51\libgcc.a(_exit.o)
 .text.libgcc.div
                0x0000000000000000        0x0 c:/program files/microchip/xc8/v2.50/avr/bin/../lib/gcc/avr/5.4.0/avr51\libgcc.a(_exit.o)
 .text.libgcc   0x0000000000000000        0x0 c:/program files/microchip/xc8/v2.50/avr/bin/../lib/gcc/avr/5.4.0/avr51\libgcc.a(_exit.o)
 .text.libgcc.prologue
                0x0000000000000000        0x0 c:/program files/microchip/xc8/v2.50/avr/bin/../lib/gcc/avr/5.4.0/avr51\libgcc.a(_exit.o)
 .stack.descriptors
                0x0000000000000000       0x13 c:/program files/microchip/xc8/v2.50/avr/bin/../lib/gcc/avr/5.4.0/avr51\libgcc.a(_exit.o)
 .text.libgcc.builtins
                0x0000000000000000        0x0 c:/program files/microchip/xc8/v2.50/avr/bin/../lib/gcc/avr/5.4.0/avr51\libgcc.a(_exit.o)
 .text.libgcc.fmul
                0x0000000000000000        0x0 c:/program files/microchip/xc8/v2.50/avr/bin/../lib/gcc/avr/5.4.0/avr51\libgcc.a(_exit.o)
 .text.libgcc.fixed
                0x0000000000000000        0x0 c:/program files/microchip/xc8/v2.50/avr/bin/../lib/gcc/avr/5.4.0/avr51\libgcc.a(_exit.o)

Memory Configuration

Name             Origin             Length             Attributes
text             0x0000000000000000 0x0000000000020000 xr
data             0x0000000000800100 0x0000000000001000 rw !x
eeprom           0x0000000000810000 0x0000000000001000 rw !x
fuse             0x0000000000820000 0x0000000000000003 rw !x
lock             0x0000000000830000 0x0000000000000400 rw !x
signature        0x0000000000840000 0x0000000000000400 rw !x
user_signatures  0x0000000000850000 0x0000000000000400 rw !x
bootrow          0x0000000000860000 0x0000000000000400 rw !x
*default*        0x0000000000000000 0xffffffffffffffff

Linker script and memory map

Address of section .data set to 0x800100
LOAD C:/Program Files/Microchip/MPLABX/v6.20/packs/Microchip/ATmega_DFP/3.1.264/xc8/avr/lib/avr51/crtatmega128a.o
                0x0000000000000001                __MPLAB_BUILD = 0x1
LOAD .ca/build/defaultActiveCA/production/i2c_driver.o
LOAD .ca/build/defaultActiveCA/production/24C32.o
LOAD .ca/build/defaultActiveCA/production/main.o
LOAD .ca/build/defaultActiveCA/production/ProgramDataHandler.o
START GROUP
LOAD c:/program files/microchip/xc8/v2.50/avr/bin/../lib/gcc/avr/5.4.0/../../../../avr/lib/avr51\libm.a
END GROUP
START GROUP
LOAD c:/program files/microchip/xc8/v2.50/avr/bin/../lib/gcc/avr/5.4.0/avr51\libgcc.a
LOAD c:/program files/microchip/xc8/v2.50/avr/bin/../lib/gcc/avr/5.4.0/../../../../avr/lib/avr51\libm.a
LOAD c:/program files/microchip/xc8/v2.50/avr/bin/../lib/gcc/avr/5.4.0/../../../../avr/lib/avr51\libc.a
LOAD C:/Program Files/Microchip/MPLABX/v6.20/packs/Microchip/ATmega_DFP/3.1.264/xc8/avr/lib/avr51\libatmega128a.a
END GROUP
                [0x0000000000000000]                __TEXT_REGION_ORIGIN__ = DEFINED (__TEXT_REGION_ORIGIN__)?__TEXT_REGION_ORIGIN__:0x0
                [0x0000000000800100]                __DATA_REGION_ORIGIN__ = DEFINED (__DATA_REGION_ORIGIN__)?__DATA_REGION_ORIGIN__:0x800100
                [0x0000000000020000]                __TEXT_REGION_LENGTH__ = DEFINED (__TEXT_REGION_LENGTH__)?__TEXT_REGION_LENGTH__:0x20000
                [0x0000000000001000]                __DATA_REGION_LENGTH__ = DEFINED (__DATA_REGION_LENGTH__)?__DATA_REGION_LENGTH__:0xff00
                [0x0000000000001000]                __EEPROM_REGION_LENGTH__ = DEFINED (__EEPROM_REGION_LENGTH__)?__EEPROM_REGION_LENGTH__:0x10000
                [0x0000000000000003]                __FUSE_REGION_LENGTH__ = DEFINED (__FUSE_REGION_LENGTH__)?__FUSE_REGION_LENGTH__:0x400
                0x0000000000000400                __LOCK_REGION_LENGTH__ = DEFINED (__LOCK_REGION_LENGTH__)?__LOCK_REGION_LENGTH__:0x400
                0x0000000000000400                __SIGNATURE_REGION_LENGTH__ = DEFINED (__SIGNATURE_REGION_LENGTH__)?__SIGNATURE_REGION_LENGTH__:0x400
                0x0000000000000400                __USER_SIGNATURE_REGION_LENGTH__ = DEFINED (__USER_SIGNATURE_REGION_LENGTH__)?__USER_SIGNATURE_REGION_LENGTH__:0x400
                0x0000000000000400                __BOOTROW_REGION_LENGTH__ = DEFINED (__BOOTROW_REGION_LENGTH__)?__BOOTROW_REGION_LENGTH__:0x400

.hash
 *(.hash)

.dynsym
 *(.dynsym)

.dynstr
 *(.dynstr)

.gnu.version
 *(.gnu.version)

.gnu.version_d
 *(.gnu.version_d)

.gnu.version_r
 *(.gnu.version_r)

.rel.init
 *(.rel.init)

.rela.init
 *(.rela.init)

.rel.text
 *(.rel.text)
 *(.rel.text.*)
 *(.rel.gnu.linkonce.t*)

.rela.text
 *(.rela.text)
 *(.rela.text.*)
 *(.rela.gnu.linkonce.t*)

.rel.fini
 *(.rel.fini)

.rela.fini
 *(.rela.fini)

.rel.rodata
 *(.rel.rodata)
 *(.rel.rodata.*)
 *(.rel.gnu.linkonce.r*)

.rela.rodata
 *(.rela.rodata)
 *(.rela.rodata.*)
 *(.rela.gnu.linkonce.r*)

.rel.data
 *(.rel.data)
 *(.rel.data.*)
 *(.rel.gnu.linkonce.d*)

.rela.data
 *(.rela.data)
 *(.rela.data.*)
 *(.rela.gnu.linkonce.d*)

.rel.ctors
 *(.rel.ctors)

.rela.ctors
 *(.rela.ctors)

.rel.dtors
 *(.rel.dtors)

.rela.dtors
 *(.rela.dtors)

.rel.got
 *(.rel.got)

.rela.got
 *(.rela.got)

.rel.bss
 *(.rel.bss)

.rela.bss
 *(.rela.bss)

.rel.plt
 *(.rel.plt)

.rela.plt
 *(.rela.plt)

.text           0x0000000000000000       0xf0
 *(.vectors)
 .vectors       0x0000000000000000       0x8c C:/Program Files/Microchip/MPLABX/v6.20/packs/Microchip/ATmega_DFP/3.1.264/xc8/avr/lib/avr51/crtatmega128a.o
                0x0000000000000000                __vector_default
                0x0000000000000000                __vectors
 *(.vectors)
 *(.progmem.gcc*)
 *(.dinit)
 .dinit         0x000000000000008c        0xc data_init
                0x0000000000000098                . = ALIGN (0x2)
                0x0000000000000098                __trampolines_start = .
 *(.trampolines)
 .trampolines   0x0000000000000098        0x0 linker stubs
 *(.trampolines*)
                0x0000000000000098                __trampolines_end = .
 *libprintf_flt.a:*(.progmem.data)
 *libc.a:*(.progmem.data)
                0x0000000000000098                . = ALIGN (0x2)
 *(.jumptables)
 *(.jumptables*)
 *(.lowtext)
 *(.lowtext*)
                0x0000000000000098                __ctors_start = .
 *(.ctors)
                0x0000000000000098                __ctors_end = .
                0x0000000000000098                __dtors_start = .
 *(.dtors)
                0x0000000000000098                __dtors_end = .
 SORT(*)(.ctors)
 SORT(*)(.dtors)
 *(.init0)
 .init0         0x0000000000000098        0x0 C:/Program Files/Microchip/MPLABX/v6.20/packs/Microchip/ATmega_DFP/3.1.264/xc8/avr/lib/avr51/crtatmega128a.o
                0x0000000000000098                __init
 *(.init0)
 *(.init1)
 *(.init1)
 *(.init2)
 .init2         0x0000000000000098        0xc C:/Program Files/Microchip/MPLABX/v6.20/packs/Microchip/ATmega_DFP/3.1.264/xc8/avr/lib/avr51/crtatmega128a.o
 *(.init2)
 *(.init3)
 *(.init3)
 *(.init4)
 .init4         0x00000000000000a4       0x40 c:/program files/microchip/xc8/v2.50/avr/bin/../lib/gcc/avr/5.4.0/avr51\libgcc.a(_copy_data.o)
                0x00000000000000a4                __do_copy_data
                0x00000000000000d6                __do_clear_bss
 *(.init4)
 *(.init5)
 *(.init5)
 *(.init6)
 *(.init6)
 *(.init7)
 *(.init7)
 *(.init8)
 *(.init8)
 *(.init9)
 .init9         0x00000000000000e4        0x8 C:/Program Files/Microchip/MPLABX/v6.20/packs/Microchip/ATmega_DFP/3.1.264/xc8/avr/lib/avr51/crtatmega128a.o
 *(.init9)
                0x00000000000000ec                . = ALIGN (0x2)
 *(.fini9)
 .fini9         0x00000000000000ec        0x0 c:/program files/microchip/xc8/v2.50/avr/bin/../lib/gcc/avr/5.4.0/avr51\libgcc.a(_exit.o)
                0x00000000000000ec                _exit
 *(.fini9)
 *(.fini8)
 *(.fini8)
 *(.fini7)
 *(.fini7)
 *(.fini6)
 *(.fini6)
 *(.fini5)
 *(.fini5)
 *(.fini4)
 *(.fini4)
 *(.fini3)
 *(.fini3)
 *(.fini2)
 *(.fini2)
 *(.fini1)
 *(.fini1)
 *(.fini0)
 .fini0         0x00000000000000ec        0x4 c:/program files/microchip/xc8/v2.50/avr/bin/../lib/gcc/avr/5.4.0/avr51\libgcc.a(_exit.o)
 *(.fini0)
                0x00000000000000f0                _etext = .

.data           0x0000000000800100        0x0 load address 0x00000000000000f0
                [!provide]                        PROVIDE (__data_start, .)
 *(.gnu.linkonce.d*)
 *(.gnu.linkonce.r*)
                0x0000000000800100                . = ALIGN (0x2)
                0x0000000000800100                _edata = .
                [!provide]                        PROVIDE (__data_end, .)

.bss            0x0000000000800100        0x0
                [!provide]                        PROVIDE (__bss_start, .)
 *(COMMON)
                [!provide]                        PROVIDE (__bss_end, .)
                0x00000000000000f0                __data_load_start = LOADADDR (.data)
                0x00000000000000f0                __data_load_end = (__data_load_start + SIZEOF (.data))

.noinit         0x0000000000800100        0x0
                [!provide]                        PROVIDE (__noinit_start, .)
 *(.noinit*)
                [!provide]                        PROVIDE (__noinit_end, .)
                0x0000000000800100                _end = .

.eeprom         0x0000000000810000        0x0
 *(.eeprom*)
                0x0000000000810000                __eeprom_end = .

.fuse
 *(.fuse)
 *(.lfuse)
 *(.hfuse)
 *(.efuse)

.lock
 *(.lock*)

.signature
 *(.signature*)

.user_signatures
 *(.user_signatures*)

.bootrow
 *(.bootrow*)

.stab
 *(.stab)

.stabstr
 *(.stabstr)

.stab.excl
 *(.stab.excl)

.stab.exclstr
 *(.stab.exclstr)

.stab.index
 *(.stab.index)

.stab.indexstr
 *(.stab.indexstr)

.comment        0x0000000000000000       0x5b
 *(.comment)
 .comment       0x0000000000000000       0x2f .ca/build/defaultActiveCA/production/i2c_driver.o
                                         0x30 (size before relaxing)
 .comment       0x000000000000002f       0x30 .ca/build/defaultActiveCA/production/24C32.o
 .comment       0x000000000000002f       0x30 .ca/build/defaultActiveCA/production/main.o
 .comment       0x000000000000002f       0x2c c:/program files/microchip/xc8/v2.50/avr/bin/../lib/gcc/avr/5.4.0/../../../../avr/lib/avr51\libc.a(exit.o)
                                         0x2d (size before relaxing)
 .comment       0x000000000000005b       0x2d c:/program files/microchip/xc8/v2.50/avr/bin/../lib/gcc/avr/5.4.0/../../../../avr/lib/avr51\libc.a(_Exit.o)

.stack.descriptors.hdr
                0x0000000000000000       0x2a
 .stack.descriptors.hdr
                0x0000000000000000        0xe c:/program files/microchip/xc8/v2.50/avr/bin/../lib/gcc/avr/5.4.0/../../../../avr/lib/avr51\libc.a(exit.o)
 .stack.descriptors.hdr
                0x000000000000000e        0xe c:/program files/microchip/xc8/v2.50/avr/bin/../lib/gcc/avr/5.4.0/../../../../avr/lib/avr51\libc.a(_Exit.o)
 .stack.descriptors.hdr
                0x000000000000001c        0xe c:/program files/microchip/xc8/v2.50/avr/bin/../lib/gcc/avr/5.4.0/avr51\libgcc.a(_exit.o)

.note.GNU-stack
                0x0000000000000000        0x0
 .note.GNU-stack
                0x0000000000000000        0x0 c:/program files/microchip/xc8/v2.50/avr/bin/../lib/gcc/avr/5.4.0/../../../../avr/lib/avr51\libc.a(exit.o)
 .note.GNU-stack
                0x0000000000000000        0x0 c:/program files/microchip/xc8/v2.50/avr/bin/../lib/gcc/avr/5.4.0/../../../../avr/lib/avr51\libc.a(_Exit.o)

.note.gnu.build-id
 *(.note.gnu.build-id)

.debug
 *(.debug)

.line
 *(.line)

.debug_srcinfo
 *(.debug_srcinfo)

.debug_sfnames
 *(.debug_sfnames)

.debug_aranges  0x0000000000000000      0x110
 *(.debug_aranges)
 .debug_aranges
                0x0000000000000000       0xb0 .ca/build/defaultActiveCA/production/i2c_driver.o
 .debug_aranges
                0x00000000000000b0       0x40 .ca/build/defaultActiveCA/production/24C32.o
 .debug_aranges
                0x00000000000000f0       0x20 .ca/build/defaultActiveCA/production/main.o

.debug_pubnames
 *(.debug_pubnames)

.debug_info     0x0000000000000000     0x1e6d
 *(.debug_info .gnu.linkonce.wi.*)
 .debug_info    0x0000000000000000      0x780 C:/Program Files/Microchip/MPLABX/v6.20/packs/Microchip/ATmega_DFP/3.1.264/xc8/avr/lib/avr51/crtatmega128a.o
 .debug_info    0x0000000000000780      0xbe3 .ca/build/defaultActiveCA/production/i2c_driver.o
 .debug_info    0x0000000000001363      0x646 .ca/build/defaultActiveCA/production/24C32.o
 .debug_info    0x00000000000019a9      0x4c4 .ca/build/defaultActiveCA/production/main.o

.debug_abbrev   0x0000000000000000      0xaf4
 *(.debug_abbrev)
 .debug_abbrev  0x0000000000000000      0x718 C:/Program Files/Microchip/MPLABX/v6.20/packs/Microchip/ATmega_DFP/3.1.264/xc8/avr/lib/avr51/crtatmega128a.o
 .debug_abbrev  0x0000000000000718      0x165 .ca/build/defaultActiveCA/production/i2c_driver.o
 .debug_abbrev  0x000000000000087d      0x102 .ca/build/defaultActiveCA/production/24C32.o
 .debug_abbrev  0x000000000000097f      0x175 .ca/build/defaultActiveCA/production/main.o

.debug_line     0x0000000000000000      0x953
 *(.debug_line .debug_line.* .debug_line_end)
 .debug_line    0x0000000000000000      0x16a C:/Program Files/Microchip/MPLABX/v6.20/packs/Microchip/ATmega_DFP/3.1.264/xc8/avr/lib/avr51/crtatmega128a.o
 .debug_line    0x000000000000016a      0x4c0 .ca/build/defaultActiveCA/production/i2c_driver.o
 .debug_line    0x000000000000062a      0x1c8 .ca/build/defaultActiveCA/production/24C32.o
 .debug_line    0x00000000000007f2      0x161 .ca/build/defaultActiveCA/production/main.o

.debug_frame    0x0000000000000000      0x31c
 *(.debug_frame)
 .debug_frame   0x0000000000000000      0x220 .ca/build/defaultActiveCA/production/i2c_driver.o
 .debug_frame   0x0000000000000220       0xc8 .ca/build/defaultActiveCA/production/24C32.o
 .debug_frame   0x00000000000002e8       0x34 .ca/build/defaultActiveCA/production/main.o

.debug_str      0x0000000000000000      0x340
 *(.debug_str)
 .debug_str     0x0000000000000000      0x27d C:/Program Files/Microchip/MPLABX/v6.20/packs/Microchip/ATmega_DFP/3.1.264/xc8/avr/lib/avr51/crtatmega128a.o
 .debug_str     0x000000000000027d       0x1a .ca/build/defaultActiveCA/production/i2c_driver.o
 .debug_str     0x0000000000000297       0x65 .ca/build/defaultActiveCA/production/24C32.o
 .debug_str     0x00000000000002fc       0x44 .ca/build/defaultActiveCA/production/main.o

.debug_loc      0x0000000000000000      0x87e
 *(.debug_loc)
 .debug_loc     0x0000000000000000      0x509 .ca/build/defaultActiveCA/production/i2c_driver.o
 .debug_loc     0x0000000000000509      0x27c .ca/build/defaultActiveCA/production/24C32.o
 .debug_loc     0x0000000000000785       0xf9 .ca/build/defaultActiveCA/production/main.o

.debug_macinfo
 *(.debug_macinfo)

.debug_weaknames
 *(.debug_weaknames)

.debug_funcnames
 *(.debug_funcnames)

.debug_typenames
 *(.debug_typenames)

.debug_varnames
 *(.debug_varnames)

.debug_pubtypes
 *(.debug_pubtypes)

.debug_ranges   0x0000000000000000       0xf8
 *(.debug_ranges)
 .debug_ranges  0x0000000000000000       0xa0 .ca/build/defaultActiveCA/production/i2c_driver.o
 .debug_ranges  0x00000000000000a0       0x30 .ca/build/defaultActiveCA/production/24C32.o
 .debug_ranges  0x00000000000000d0       0x28 .ca/build/defaultActiveCA/production/main.o

.debug_macro
 *(.debug_macro)
OUTPUT(.ca/dist/defaultActiveCA/production/Atmega128A.X.production.elf elf32-avr)
LOAD linker stubs
LOAD data_init

.note.gnu.avr.deviceinfo
                0x0000000000000000       0x40
 .note.gnu.avr.deviceinfo
                0x0000000000000000       0x40 C:/Program Files/Microchip/MPLABX/v6.20/packs/Microchip/ATmega_DFP/3.1.264/xc8/avr/lib/avr51/crtatmega128a.o

.bss.eepromAddress
                0x0000000000800108        0x1
 .bss.eepromAddress
                0x0000000000800108        0x1 .ca/build/defaultActiveCA/production/24C32.o

.text.main      0x00000000000000f0       0xc2
 .text.main     0x00000000000000f0       0xc2 .ca/build/defaultActiveCA/production/main.o
                0x00000000000000f0                main

.text.EEPROM_readSequence
                0x00000000000001b2       0x94
 .text.EEPROM_readSequence
                0x00000000000001b2       0x94 .ca/build/defaultActiveCA/production/24C32.o
                0x00000000000001b2                EEPROM_readSequence

.text.EEPROM_writeSequence
                0x0000000000000246       0x60
 .text.EEPROM_writeSequence
                0x0000000000000246       0x60 .ca/build/defaultActiveCA/production/24C32.o
                0x0000000000000246                EEPROM_writeSequence

.text.I2C_init  0x00000000000002a6       0x32
 .text.I2C_init
                0x00000000000002a6       0x32 .ca/build/defaultActiveCA/production/i2c_driver.o
                0x00000000000002a6                I2C_init

.text.I2C_8Bit_write
                0x00000000000002d8       0x26
 .text.I2C_8Bit_write
                0x00000000000002d8       0x26 .ca/build/defaultActiveCA/production/i2c_driver.o
                0x00000000000002d8                I2C_8Bit_write

.text.I2C_sendAddress
                0x00000000000002fe       0x1c
 .text.I2C_sendAddress
                0x00000000000002fe       0x1c .ca/build/defaultActiveCA/production/i2c_driver.o
                0x00000000000002fe                I2C_sendAddress

.text.I2C_writeByte
                0x000000000000031a       0x16
 .text.I2C_writeByte
                0x000000000000031a       0x16 .ca/build/defaultActiveCA/production/i2c_driver.o
                0x000000000000031a                I2C_writeByte

.text.I2C_readByte_ACK
                0x0000000000000330       0x16
 .text.I2C_readByte_ACK
                0x0000000000000330       0x16 .ca/build/defaultActiveCA/production/i2c_driver.o
                0x0000000000000330                I2C_readByte_ACK

.text.I2C_readByte_NACK
                0x0000000000000346       0x16
 .text.I2C_readByte_NACK
                0x0000000000000346       0x16 .ca/build/defaultActiveCA/production/i2c_driver.o
                0x0000000000000346                I2C_readByte_NACK

.text.exit      0x000000000000035c       0x16
 .text.exit     0x000000000000035c       0x16 c:/program files/microchip/xc8/v2.50/avr/bin/../lib/gcc/avr/5.4.0/../../../../avr/lib/avr51\libc.a(exit.o)
                0x000000000000035c                exit

.text.I2C_start
                0x0000000000000372       0x12
 .text.I2C_start
                0x0000000000000372       0x12 .ca/build/defaultActiveCA/production/i2c_driver.o
                0x0000000000000372                I2C_start

.text.EEPROM_init
                0x0000000000000384        0xa
 .text.EEPROM_init
                0x0000000000000384        0xa .ca/build/defaultActiveCA/production/24C32.o
                0x0000000000000384                EEPROM_init

.text.I2C_stop  0x000000000000038e        0x8
 .text.I2C_stop
                0x000000000000038e        0x8 .ca/build/defaultActiveCA/production/i2c_driver.o
                0x000000000000038e                I2C_stop

.text           0x0000000000000396        0x4
 .text          0x0000000000000396        0x4 C:/Program Files/Microchip/MPLABX/v6.20/packs/Microchip/ATmega_DFP/3.1.264/xc8/avr/lib/avr51/crtatmega128a.o
                0x0000000000000396                __vector_22
                0x0000000000000396                __vector_28
                0x0000000000000396                __vector_1
                0x0000000000000396                __vector_32
                0x0000000000000396                __vector_34
                0x0000000000000396                __vector_24
                0x0000000000000396                __vector_12
                0x0000000000000396                __bad_interrupt
                0x0000000000000396                __vector_6
                0x0000000000000396                __vector_31
                0x0000000000000396                __vector_3
                0x0000000000000396                __vector_23
                0x0000000000000396                __vector_30
                0x0000000000000396                __vector_25
                0x0000000000000396                __vector_11
                0x0000000000000396                __vector_13
                0x0000000000000396                __vector_17
                0x0000000000000396                __vector_19
                0x0000000000000396                __vector_7
                0x0000000000000396                __vector_27
                0x0000000000000396                __vector_5
                0x0000000000000396                __vector_33
                0x0000000000000396                __vector_4
                0x0000000000000396                __vector_9
                0x0000000000000396                __vector_2
                0x0000000000000396                __vector_21
                0x0000000000000396                __vector_15
                0x0000000000000396                __vector_29
                0x0000000000000396                __vector_8
                0x0000000000000396                __vector_26
                0x0000000000000396                __vector_14
                0x0000000000000396                __vector_10
                0x0000000000000396                __vector_16
                0x0000000000000396                __vector_18
                0x0000000000000396                __vector_20

.text._Exit     0x000000000000039a        0x4
 .text._Exit    0x000000000000039a        0x4 c:/program files/microchip/xc8/v2.50/avr/bin/../lib/gcc/avr/5.4.0/../../../../avr/lib/avr51\libc.a(_Exit.o)
                0x000000000000039a                _Exit

.text.__dummy_fini
                0x000000000000039e        0x2
 .text.__dummy_fini
                0x000000000000039e        0x2 c:/program files/microchip/xc8/v2.50/avr/bin/../lib/gcc/avr/5.4.0/../../../../avr/lib/avr51\libc.a(exit.o)
                0x000000000000039e                _fini

.text.__dummy_funcs_on_exit
                0x00000000000003a0        0x2
 .text.__dummy_funcs_on_exit
                0x00000000000003a0        0x2 c:/program files/microchip/xc8/v2.50/avr/bin/../lib/gcc/avr/5.4.0/../../../../avr/lib/avr51\libc.a(exit.o)
                0x00000000000003a0                __funcs_on_exit

.text.__dummy_simulator_exit
                0x00000000000003a2        0x2
 .text.__dummy_simulator_exit
                0x00000000000003a2        0x2 c:/program files/microchip/xc8/v2.50/avr/bin/../lib/gcc/avr/5.4.0/../../../../avr/lib/avr51\libc.a(exit.o)
                0x00000000000003a2                __simulator_exit

.rodata         0x0000000000800100        0x8 load address 0x00000000000003a4
 .rodata        0x0000000000800100        0x8 .ca/build/defaultActiveCA/production/main.o
